// Jest Snapshot v1, https://goo.gl/fbAQLP

exports[`check Navbar renders correctly 1`] = `
<nav
  className="navbar"
>
  <h1
    className="navbar__title"
  >
    Math Magicians
  </h1>
  <ul
    className="navbar__links"
  >
    <li>
      <a
        className="navbar__link"
        href="/"
        onClick={[Function]}
      >
        Home
      </a>
    </li>
    <li>
       
      <a
        className="navbar__link"
        href="/Calculator"
        onClick={[Function]}
      >
        Calculator
      </a>
    </li>
    <li>
       
      <a
        className="navbar__link"
        href="/Quotes"
        onClick={[Function]}
      >
        Quotes
      </a>
    </li>
  </ul>
</nav>
`;
