// Jest Snapshot v1, https://goo.gl/fbAQLP

exports[`check Quotes renders correctly 1`] = `
<div>
  <p
    className="Quotes"
  >
    Mathematics is not about numbers, equations ,computations, or algorithms ,it is about understanding - William Paul Thurstin.
  </p>
</div>
`;
